// Jest Snapshot v1, https://goo.gl/fbAQLP

exports[`HeroBackground renders correctly 1`] = `
<div
  className="bg-gray-900 bg-center bg-cover bg-no-repeat hero-background relative bg-hero-lg border-b-2 border-white mb-10"
  style={
    Object {
      "backgroundImage": "url(test-file-stub)",
    }
  }
>
  Test
</div>
`;
